  File "/home/Kiray/programming/linux-homework/task7a.py", line 1
    print("Hello"
         ^
SyntaxError: '(' was never closed
Traceback (most recent call last):
  File "/home/Kiray/programming/linux-homework/task7b.py", line 1, in <module>
    print(age)
          ^^^
NameError: name 'age' is not defined
Traceback (most recent call last):
  File "/home/Kiray/programming/linux-homework/task7c.py", line 1, in <module>
    "Age: " + 18
    ~~~~~~~~^~~~
TypeError: can only concatenate str (not "int") to str
  File "/home/Kiray/programming/linux-homework/task7d.py", line 1
    int("cat")x
              ^
SyntaxError: invalid syntax
Traceback (most recent call last):
  File "/home/Kiray/programming/linux-homework/task7e.py", line 3, in <module>
    print(sys.argv[1])
          ~~~~~~~~^^^
IndexError: list index out of range
